[  0%]                      eeqbc.f90
[  6%]                      eeqbc.f90  done.
[  6%]                      model.f90
[ 13%]                      model.f90  done.
[ 13%]                      param.f90
[ 20%]                      param.f90  done.
[ 20%]                     output.f90
[ 26%]                     output.f90  done.
[ 26%]                     charge.f90
[ 33%]                     charge.f90  done.
[ 33%]                   test_pbc.f90
[ 40%]                   test_pbc.f90  done.
[ 40%]                multicharge.f90
[ 46%]                multicharge.f90  done.
[ 46%]                test_solver.f90
[ 53%]                test_solver.f90  done.
[ 53%]               test_adjlist.f90
[ 60%]               test_adjlist.f90  done.
[ 60%]                 test_model.f90
[ 66%]                 test_model.f90  done.
[ 66%]               libmulticharge.a
[ 73%]               libmulticharge.a  done.
[ 73%]                       main.f90
[ 80%]                       main.f90  done.
[ 80%]                       main.f90
[ 86%]                       main.f90  done.
[ 86%]                    multicharge
[ 93%]                    multicharge  done.
[ 93%]                           main
[100%]                           main  done.
[100%] Project compiled successfully.
 Using neighbour list for CN and local charge derivatives.
 Warning: Asymmetry detected in CN derivatives!
 Using neighbour list for gradient setup.
 Warning: Asymmetry detected in XVEC derivatives!
 Using neighbour list for Coulomb derivatives.
 Warning: Asymmetry detected in Coulomb matrix derivatives!
 Warning: Asymmetry detected in Combined matrix derivatives!
Coulomb matrix derivative:
-2.50865754717166E-02 6.90322547646528E-03 3.89277180210257E-02-1.42711208593922E-05 1.13958497801484E-02-1.58047006396320E-03 9.45130271848441E-03 1.58946184403548E-03 4.70090157335245E-03 8.57683905448100E-03 1.01252119597089E-02 1.39207636033194E-02 4.12365806045537E-03-9.31615089811598E-02 8.09888199705350E-03 2.02901154916910E-03
 2.15459203481128E-02 6.80422546165989E-01 4.33569388766744E-03 1.44247175844532E-03-9.00433514147327E-04 4.46028867791802E-03-3.52529491721107E-03-2.51829328712001E-01-5.72654667245267E-01-6.19881712659747E-02 1.85913491970950E-01-1.81206861700211E-02-5.29374676933865E-03 2.87901767461585E-02-1.36847369719875E-03-1.12297872640818E-02
-1.11456445719852E-01 2.91818084513432E-03-5.97451274833530E-02-3.06850997606941E-02 5.98824365744239E-03-2.44226086433614E-02 5.26363444331709E-02 1.28325452227245E-03 3.74898672250777E-02 3.58168793823304E-02-1.31039760585180E-02 1.36675024965742E-01 1.39064713580623E-02-7.88395671850501E-02 1.29761714614050E-02 1.85623870001920E-02
-6.51148348132678E-06 3.79688891285575E-05-5.76944829112068E-03 6.05440260012048E-03-1.09205047581681E-04 9.45601057629134E-05-3.69333994599462E-03-1.92011340189169E-06-3.02212792071963E-04-3.83973281381908E-06-5.15706817864854E-05 9.46705803196964E-04-1.72905323647264E-04 1.66642563704333E-03 4.74649272452453E-03-3.43560234787705E-03
 1.54466660799794E-02 1.23038168838706E-04 3.38573744971989E-03 2.80384097440156E-03 1.61539273607417E-01 7.37613045363874E-03-6.85023932437450E-03-4.06631208392085E-03-1.83718314248553E-02-1.24914614474390E-02 1.24948839247950E-01-1.25350720351479E-03-2.11502240992624E-04 8.47363364985190E-03-3.55996394005450E-03-2.77292341966645E-01
-4.80102807190804E-04 5.84388930050594E-05-6.57163561794372E-03-8.00564519815697E-04-6.21232668790682E-04 5.00240170951495E-02-4.69802848966037E-03-1.79168442331945E-04-2.19343393804471E-03-3.01430141469167E-04-2.49261946997317E-04 5.10575291120501E-04-5.50782033435744E-04 2.26863646940725E-03-2.07363022145277E-02-1.54797249284745E-02
 1.54857069948261E-03-2.92736869621401E-04 7.84139989402905E-03-6.29996660807809E-04-1.08888291882803E-03-1.40237253663782E-03 6.10420989017919E-03 1.71929966512377E-06-2.64883171149437E-04 6.38073920175403E-04 1.53500310760411E-04-8.43270204433000E-04 1.15512230575249E-04 3.45248213986752E-04-1.63699038243333E-02 4.14381172695704E-03
-5.13883614242075E-03-6.38473106204197E-02-1.11826343890246E-03-1.67738264729529E-05-6.71222363923437E-03-9.76952627960033E-04 4.42988718342735E-05 6.56632488007929E-02 9.12306343827792E-03 2.23103097341837E-02-1.79369491023024E-02 2.43348430111186E-04-4.50773242735925E-04-1.30103874362111E-03-1.36409533536142E-04 2.51261642405931E-04
-5.79908439508047E-02-4.43796476445070E-01-7.26309634996478E-02-2.71913536304365E-03-4.14231009115149E-02-1.37724616196339E-02-2.65066956491286E-03-2.15164344399603E-02 4.31969931239784E-01 5.17526067071881E-01-5.44060701515833E-02-1.34986511397356E-01-5.29415102848476E-02-3.27732646879193E-02-5.76024550640597E-03-1.21283104889647E-02
 3.33602495706901E-02 4.64425222267111E-02 5.29986993923055E-02 8.09597546619623E-04 5.66163732532555E-02 9.65483880767769E-03 8.98994463210245E-03 3.62282173138879E-02 5.52055006874440E-01-9.48736016988454E-01 4.48053200699287E-02 1.91727849209333E-02 2.02876279713854E-02 7.27683783004907E-03 8.65896627369393E-03 5.13790303047734E-02
-3.33456377864111E-03 3.09887319969906E-02 5.72582828036962E-04-9.30319540845047E-05 4.15085415026210E-02-3.03026249702666E-04 1.29071519960474E-03 2.50399024551940E-03-1.82288822571040E-03 8.09626510396437E-03-8.07762567327639E-02 3.29085217356335E-03 5.61327233846300E-04-1.01504634645423E-03 2.01102632845565E-03-3.47921932524556E-03
 2.73383657779424E-02 1.96432518388006E-02 2.72818320415891E-01 1.01617357654819E-02 5.06344183805290E-03 7.96506867108773E-03-3.12618782994349E-03 2.77029405516279E-04-1.70929812002150E-01-1.55669536480076E-02 9.94691590518073E-03-4.06671629994468E-01 2.10236813472864E-01 3.17498523456172E-02 9.70864124841035E-04 1.22923913293875E-04
-1.48108607735722E-02-3.29655138941114E-03-1.20215526940917E-02-1.29658403932501E-03-3.62410171479783E-04-2.83534850373571E-03 1.92925529851364E-03 4.57049777475680E-04 2.29187552561290E-02 1.23611231252934E-02-4.75414261278092E-03 5.88563780709731E-02-3.29353835879715E-02-2.50316094662493E-02 3.42575978006180E-04 4.79305732226316E-04
 7.08272067001287E-02 1.42781341129463E-02 4.57803309809137E-02 8.33759180309815E-03 1.14927692723753E-02 7.57040940343656E-03 5.94747929779483E-03 9.82647625981475E-04 1.16700872700671E-02 3.44267219970373E-03 8.79056027220510E-03 2.47563912011508E-02 1.81499087794577E-02-2.44181293044857E-01 7.07488496612071E-03 5.08021915947723E-03
 2.03574037307658E-02 9.18282071900007E-04 1.43592022392994E-02 3.43825782626550E-02 1.07090360262080E-02 2.30373961643820E-01-1.51623753780849E-01-1.80408997687412E-04-4.70924152205985E-03-6.94175749519172E-03 8.01742822880948E-03-1.04538231073370E-03 4.42832927118751E-04 1.11894351313197E-02-6.66877365687073E-02-9.95618795866664E-02
-6.70014557582721E-02-1.13347159506375E-02-4.28260298543158E-02-2.44942335042518E-02-4.33368554857007E-01-6.72336922533231E-02 1.93721373746012E-02-6.03999081653496E-04 1.46086495679488E-02 5.31747564145619E-02-5.61435201472389E-02 1.81111715146158E-04-1.10039350921828E-03-1.68957154662853E-02-9.73154423722422E-02 7.30981097682187E-01
Nlist Coulomb matrix derivative:
-2.50865754717166E-02-8.41598608748168E-04 3.13725319738916E-02 1.35071787539658E-05-5.29099033839037E-03 5.45093874178102E-04-9.47718272680654E-03-2.22466201180483E-03-1.95430631560067E-02-4.41809349516377E-03 2.75618562537422E-03-1.97507212723272E-03-6.95877104326402E-03-3.54972343435485E-02-1.87677594446634E-03-2.24193218599801E-02
 2.15459203481128E-02 6.80422546165989E-01-3.85470814758724E-03-1.44763448988368E-03 9.53031706290035E-04-4.53963054183716E-03 3.52424021203498E-03 8.07901970272221E-02 4.33979473026090E-01 6.71023162680421E-02-4.33496366186848E-02-8.67151348598045E-04 4.75637589490263E-03-2.69006028497249E-02 1.55175259633089E-03 8.94793270755430E-03
-1.11456445719852E-01 2.91818084513432E-03-5.97451274833530E-02 3.02061458871427E-02-5.00376182720188E-03 2.18429993691802E-02-5.27094994133313E-02-1.41641510479265E-03-6.35386662163647E-02-2.76440481549331E-02 1.42995940612407E-02-1.85656638971547E-01-1.76931098173917E-02 9.98202634790398E-02-8.11308004629488E-03-3.23692508528056E-02
-6.51148348132682E-06 3.79688891285569E-05-5.76944829112071E-03 6.05440260012060E-03 6.86832077698850E-04 5.63117073652068E-04 3.64112400955749E-03 7.21382373723826E-07-5.99101971813132E-05 6.81350004767907E-05 2.55933384434448E-05 2.21137062900096E-03 2.81916770955671E-05-1.19504482465843E-05 8.59055889345419E-03-1.52796637014904E-03
 1.54466660799794E-02 1.23038168838706E-04 3.38573744971988E-03 2.80384097440155E-03 1.61539273607417E-01-7.43073628891829E-03 6.83780405871418E-03 2.95249345726852E-03 6.61669637723376E-03 2.55660981944681E-02-4.91263985216039E-02 3.51482658302790E-03 1.70999859691399E-04-6.81561115738597E-03 3.51873199879671E-04 3.13189147604406E-01
-4.80102807190803E-04 5.84388930050603E-05-6.57163561794371E-03-8.00564519815695E-04-6.21232668790678E-04 5.00240170951494E-02 4.64124684251307E-03 9.41953173911308E-05-8.33494618485059E-06 1.25019791797181E-03 1.78642213072223E-04 2.30348055102404E-03 2.28661567820148E-04-3.78698522692196E-04-1.94721548474417E-01-1.19407932634597E-03
 1.54857069948262E-03-2.92736869621400E-04 7.84139989402907E-03-6.29996660807800E-04-1.08888291882802E-03-1.40237253663780E-03 6.10420989017909E-03 2.19752464021108E-06-2.81067158830295E-04 5.83561858739062E-04 2.28731629682238E-04-8.16331953701627E-04 1.36057967917444E-04 4.27921553558883E-04 1.10066374741247E-01 4.23895040068444E-03
-5.13883614242075E-03-6.38473106204197E-02-1.11826343890246E-03-1.67738264729529E-05-6.71222363923437E-03-9.76952627960033E-04 4.42988718342735E-05 6.56632488007929E-02-1.34254628947096E-02-1.59190155772373E-02 1.77022830383678E-02-1.69750527944740E-04 5.01533311897642E-04 1.40178607760791E-03 1.12051877663742E-04-3.65737590552661E-04
-5.79908439508047E-02-4.43796476445069E-01-7.26309634996477E-02-2.71913536304365E-03-4.14231009115149E-02-1.37724616196339E-02-2.65066956491286E-03-2.15164344399603E-02 4.31969931239784E-01-1.38352633498347E-01 5.50795228713100E-02 6.94064970617357E-02 6.13635017357819E-02 3.48394601135723E-02 4.87069710994578E-03 1.64323616980744E-02
 3.33602495706901E-02 4.64425222267111E-02 5.29986993923055E-02 8.09597546619623E-04 5.66163732532555E-02 9.65483880767769E-03 8.98994463210245E-03 3.62282173138879E-02 5.52055006874441E-01-9.48736016988454E-01-4.28568249573371E-02-3.12479764444344E-02-1.84931146508755E-02-6.91999058113820E-03-1.04174823080906E-02-3.49714707159276E-02
-3.33456377864111E-03 3.09887319969906E-02 5.72582828036963E-04-9.30319540845048E-05 4.15085415026210E-02-3.03026249702666E-04 1.29071519960474E-03 2.50399024551940E-03-1.82288822571039E-03 8.09626510396438E-03-8.07762567327640E-02 3.19740578625250E-04-1.22794563019125E-03 3.48336762472826E-03-7.37765958268207E-05-1.07285135918810E-02
 2.73383657779424E-02 1.96432518388006E-02 2.72818320415891E-01 1.01617357654819E-02 5.06344183805290E-03 7.96506867108773E-03-3.12618782994349E-03 2.77029405516279E-04-1.70929812002150E-01-1.55669536480076E-02 9.94691590518073E-03-4.06671629994468E-01-5.43921909871327E-02-2.80574465045536E-02-1.29669970874907E-03-8.11485429937468E-05
-1.48108607735722E-02-3.29655138941113E-03-1.20215526940917E-02-1.29658403932501E-03-3.62410171479783E-04-2.83534850373570E-03 1.92925529851363E-03 4.57049777475679E-04 2.29187552561290E-02 1.23611231252934E-02-4.75414261278092E-03 5.88563780709731E-02-3.29353835879715E-02 2.87713285235728E-02-2.72530749744461E-04-6.54072527867432E-04
 7.08272067001286E-02 1.42781341129463E-02 4.57803309809137E-02 8.33759180309815E-03 1.14927692723753E-02 7.57040940343656E-03 5.94747929779482E-03 9.82647625981474E-04 1.16700872700671E-02 3.44267219970373E-03 8.79056027220509E-03 2.47563912011508E-02 1.81499087794577E-02-2.44181293044857E-01-4.85530871602124E-03-8.21343351981487E-03
 2.03574037307657E-02 9.18282071900006E-04 1.43592022392994E-02 3.43825782626550E-02 1.07090360262080E-02 2.30373961643820E-01-1.51623753780849E-01-1.80408997687412E-04-4.70924152205985E-03-6.94175749519171E-03 8.01742822880947E-03-1.04538231073370E-03 4.42832927118751E-04 1.11894351313196E-02-6.66877365687072E-02 8.79802096791842E-02
-6.70014557582721E-02-1.13347159506375E-02-4.28260298543158E-02-2.44942335042518E-02-4.33368554857007E-01-6.72336922533232E-02 1.93721373746012E-02-6.03999081653496E-04 1.46086495679488E-02 5.31747564145619E-02-5.61435201472390E-02 1.81111715146158E-04-1.10039350921828E-03-1.68957154662853E-02-9.73154423722422E-02 7.30981097682187E-01
diff:
-1.38777878078145E-17-7.74482408521345E-03-7.55518604713408E-03 2.77782996133580E-05-1.66868401185387E-02 2.12556393814130E-03-1.89284854452910E-02-3.81412385584031E-03-2.42439647293591E-02-1.29949325496448E-02-7.36902633433468E-03-1.58958357305522E-02-1.10824291037194E-02 5.76642746376113E-02-9.97565794151984E-03-2.44483334091492E-02
 0.00000000000000E+00-2.22044604925031E-16-8.19040203525468E-03-2.89010624832899E-03 1.85346522043736E-03-8.99991921975518E-03 7.04953512924605E-03 3.32619525739223E-01 1.00663414027136E+00 1.29090487534017E-01-2.29263128589634E-01 1.72535348214230E-02 1.00501226642413E-02-5.56907795958834E-02 2.92022629352964E-03 2.01777199716361E-02
 0.00000000000000E+00 0.00000000000000E+00-2.08166817117217E-17 6.08912456478369E-02-1.09920054846443E-02 4.62656080125416E-02-1.05345843846502E-01-2.69966962706510E-03-1.01028533441442E-01-6.34609275372635E-02 2.74035701197587E-02-3.22331663937289E-01-3.15995811754540E-02 1.78659830664090E-01-2.10892515076999E-02-5.09316378529975E-02
-3.64224167319349E-20-6.57297567069337E-19-2.42861286636753E-17 1.12757025938492E-16 7.96037125280531E-04 4.68556967889155E-04 7.33446395555211E-03 2.64149577561551E-06 2.42302594890649E-04 7.19747332906097E-05 7.71640202299303E-05 1.26466482580399E-03 2.01097000742831E-04-1.67837608528992E-03 3.84406616892966E-03 1.90763597772802E-03
-1.38777878078145E-17-2.98155597433514E-19-3.03576608295941E-18-3.90312782094782E-18-8.32667268468867E-17-1.48068667425570E-02 1.36880433830887E-02 7.01880554118937E-03 2.49885278020891E-02 3.80575596419071E-02-1.74075237769554E-01 4.76833378654270E-03 3.82502100684024E-04-1.52892448072379E-02 3.91183713993417E-03 5.90481489571052E-01
 1.02999206386123E-18 9.21571846612679E-19 7.80625564189563E-18 2.49366499671666E-18 3.79470760369927E-18-1.17961196366423E-16 9.33927533217344E-03 2.73363759723075E-04 2.18509899185986E-03 1.55162805944097E-03 4.27904160069540E-04 1.79290525990354E-03 7.79443601255892E-04-2.64733499209944E-03-1.73985246259889E-01 1.42856456021285E-02
 9.32413868337534E-18 5.42101086242752E-19 1.38777878078145E-17 9.86623976961809E-18 4.98732999343332E-18 1.32272665043232E-17-9.54097911787244E-17 4.78224975087314E-07-1.61839876808587E-05-5.45120614363411E-05 7.52313189218274E-05 2.69382507313733E-05 2.05457373421946E-05 8.26733395721309E-05 1.26436278565580E-01 9.51386737273957E-05
-8.67361737988404E-19 0.00000000000000E+00-2.16840434497101E-19-3.38813178901720E-21 0.00000000000000E+00-2.16840434497101E-19 6.77626357803440E-21 4.16333634234434E-17-2.25485263329875E-02-3.82293253114209E-02 3.56392321406702E-02-4.13098958055926E-04 9.52306554633567E-04 2.70282482122902E-03 2.48461411199884E-04-6.16999232958593E-04
 2.08166817117217E-17 1.11022302462516E-16 2.77555756156289E-17 8.67361737988404E-19 2.08166817117217E-17 6.93889390390723E-18 8.67361737988404E-19 6.93889390390723E-18-2.77555756156289E-16-6.55878700570228E-01 1.09485593022893E-01 2.04393008459092E-01 1.14305012020630E-01 6.76127248014916E-02 1.06309426163517E-02 2.85606721870391E-02
 6.93889390390723E-18 2.77555756156289E-17 2.08166817117217E-17 2.16840434497101E-19 1.38777878078145E-17 3.46944695195361E-18 3.46944695195361E-18 6.93889390390723E-18 1.11022302462516E-16-3.33066907387547E-16-8.76621450272658E-02-5.04207613653678E-02-3.87807426222609E-02-1.41968284111873E-02-1.90764485817845E-02-8.63505010207010E-02
-2.60208521396521E-18 1.38777878078145E-17 1.30104260698261E-18-8.13151629364128E-20 1.38777878078145E-17-5.42101086242752E-20 8.67361737988404E-19 2.16840434497101E-18 6.07153216591882E-18 3.46944695195361E-18-4.16333634234434E-17-2.97111159493810E-03-1.78927286403755E-03 4.49841397118249E-03-2.08480292428247E-03-7.24929426663543E-03
 6.93889390390723E-18 6.93889390390723E-18 1.11022302462516E-16 1.73472347597681E-18 8.67361737988404E-19 1.73472347597681E-18-8.67361737988404E-19 5.42101086242752E-20-8.32667268468867E-17-5.20417042793042E-18 3.46944695195361E-18-1.66533453693773E-16-2.64629004459996E-01-5.98072988501707E-02-2.26756383359011E-03-2.04072456287622E-04
 2.08166817117217E-17 3.46944695195361E-18 1.90819582357449E-17 1.73472347597681E-18 4.87890977618477E-19 3.90312782094782E-18-2.38524477946811E-18-6.50521303491303E-19-4.51028103753970E-17-1.38777878078145E-17 6.93889390390723E-18-6.24500451351651E-17 1.38777878078145E-17 5.38029379898221E-02-6.15106727750641E-04-1.13337826009375E-03
-1.11022302462516E-16-1.04083408558608E-17-5.55111512312578E-17-5.20417042793042E-18-1.04083408558608E-17-7.80625564189563E-18-5.20417042793042E-18-8.67361737988404E-19-1.04083408558608E-17-2.60208521396521E-18-8.67361737988404E-18-1.38777878078145E-17-1.38777878078145E-17 2.49800180540660E-16-1.19301936821419E-02-1.32936526792921E-02
-1.38777878078145E-17-8.67361737988404E-19-1.04083408558608E-17-3.46944695195361E-17-6.93889390390723E-18-1.38777878078145E-16 1.11022302462516E-16 1.35525271560688E-19 3.46944695195361E-18 6.07153216591882E-18-5.20417042793042E-18 8.67361737988404E-19-3.79470760369927E-19-8.67361737988404E-18 2.77555756156289E-17 1.87542089265851E-01
-1.38777878078145E-17-3.46944695195361E-18-1.38777878078145E-17-1.04083408558608E-17-1.11022302462516E-16-4.16333634234434E-17 1.38777878078145E-17-3.25260651745651E-19 8.67361737988404E-18 2.08166817117217E-17-2.77555756156289E-17 8.13151629364128E-20-6.50521303491303E-19-1.04083408558608E-17-4.16333634234434E-17 3.33066907387547E-16
